// Jest Snapshot v1, https://goo.gl/fbAQLP

exports[`load.ts cannot load error schema 1`] = `
"app_error.yml has the above error(s).

- is not any of [subschema 0],<#/definitions/HTMLRadioField>,[subschema 2],[subschema 3]"
`;

exports[`load.ts loads "app_complex.yml" 1`] = `
Object {
  "application_id": "user",
  "fields": Array [
    Object {
      "field_id": "name",
      "label": "Name",
      "type": "text",
      "valid_if": Object {
        "$required": true,
      },
    },
    Object {
      "field_id": "age",
      "label": "Age",
      "shown_if": Object {
        "name": Object {
          "$gt": 10,
          "$lte": 100,
          "$required": true,
        },
      },
      "type": "number",
    },
  ],
  "label": "User",
  "version": 1,
}
`;

exports[`load.ts loads "app_simple.yml" 1`] = `
Object {
  "application_id": "text",
  "fields": Array [
    Object {
      "field_id": "title",
      "label": "Title",
      "type": "text",
    },
  ],
  "label": "Text",
  "version": 1,
}
`;
